
> yaha@0.1.0 build
> next build

 ⚠ Warning: Next.js inferred your workspace root, but it may not be correct.
 We detected multiple lockfiles and selected the directory of C:\Users\the--\package-lock.json as the root directory.
 To silence this warning, set `outputFileTracingRoot` in your Next.js config, or consider removing one of the lockfiles if it's not needed.
   See https://nextjs.org/docs/app/api-reference/config/next-config-js/output#caveats for more information.
 Detected additional lockfiles: 
   * C:\Users\the--\Documents\Projects\yaha\package-lock.json

   ▲ Next.js 15.5.12
   - Environments: .env.local

   Creating an optimized production build ...
Next.js build worker exited with code: 143 and signal: null
